Input IDs shape: torch.Size([2, 64])
Input IDs: tensor([[4.3932e+11, 4.4404e+11, 4.3935e+11, 4.4400e+11, 4.3937e+11, 4.4402e+11,
         4.3938e+11, 4.4393e+11, 4.3932e+11, 4.4392e+11, 4.3930e+11, 4.4386e+11,
         4.3926e+11, 4.4390e+11, 4.3936e+11, 4.4347e+11, 0.0000e+00, 0.0000e+00,
         0.0000e+00, 0.0000e+00, 0.0000e+00, 0.0000e+00, 0.0000e+00, 0.0000e+00,
         0.0000e+00, 0.0000e+00, 0.0000e+00, 0.0000e+00, 0.0000e+00, 0.0000e+00,
         0.0000e+00, 0.0000e+00, 0.0000e+00, 0.0000e+00, 0.0000e+00, 0.0000e+00,
         0.0000e+00, 0.0000e+00, 0.0000e+00, 0.0000e+00, 0.0000e+00, 0.0000e+00,
         0.0000e+00, 0.0000e+00, 0.0000e+00, 0.0000e+00, 0.0000e+00, 0.0000e+00,
         0.0000e+00, 0.0000e+00, 0.0000e+00, 0.0000e+00, 0.0000e+00, 0.0000e+00,
         0.0000e+00, 0.0000e+00, 0.0000e+00, 0.0000e+00, 0.0000e+00, 0.0000e+00,
         0.0000e+00, 0.0000e+00, 0.0000e+00, 0.0000e+00],
        [4.5489e+11, 4.5891e+11, 4.5480e+11, 4.5883e+11, 4.5479e+11, 4.5888e+11,
         4.5479e+11, 4.5893e+11, 4.5489e+11, 4.5891e+11, 4.5487e+11, 4.5888e+11,
         4.5473e+11, 4.5881e+11, 4.5465e+11, 4.5874e+11, 0.0000e+00, 0.0000e+00,
         0.0000e+00, 0.0000e+00, 0.0000e+00, 0.0000e+00, 0.0000e+00, 0.0000e+00,
         0.0000e+00, 0.0000e+00, 0.0000e+00, 0.0000e+00, 0.0000e+00, 0.0000e+00,
         0.0000e+00, 0.0000e+00, 0.0000e+00, 0.0000e+00, 0.0000e+00, 0.0000e+00,
         0.0000e+00, 0.0000e+00, 0.0000e+00, 0.0000e+00, 0.0000e+00, 0.0000e+00,
         0.0000e+00, 0.0000e+00, 0.0000e+00, 0.0000e+00, 0.0000e+00, 0.0000e+00,
         0.0000e+00, 0.0000e+00, 0.0000e+00, 0.0000e+00, 0.0000e+00, 0.0000e+00,
         0.0000e+00, 0.0000e+00, 0.0000e+00, 0.0000e+00, 0.0000e+00, 0.0000e+00,
         0.0000e+00, 0.0000e+00, 0.0000e+00, 0.0000e+00]])

Attention mask shape: torch.Size([2, 64])
Attention mask: tensor([[ True,  True,  True,  True,  True,  True,  True,  True,  True,  True,
          True,  True,  True,  True,  True,  True, False, False, False, False,
         False, False, False, False, False, False, False, False, False, False,
         False, False, False, False, False, False, False, False, False, False,
         False, False, False, False, False, False, False, False, False, False,
         False, False, False, False, False, False, False, False, False, False,
         False, False, False, False],
        [ True,  True,  True,  True,  True,  True,  True,  True,  True,  True,
          True,  True,  True,  True,  True,  True, False, False, False, False,
         False, False, False, False, False, False, False, False, False, False,
         False, False, False, False, False, False, False, False, False, False,
         False, False, False, False, False, False, False, False, False, False,
         False, False, False, False, False, False, False, False, False, False,
         False, False, False, False]])

Encoded output shape: torch.Size([2, 1, 64, 1024])
Encoded output: tensor([[[[-0.5973, -0.9999, -0.1889,  ..., -0.9958,  0.6159,  0.6490],
          [ 0.1463,  0.9002, -0.4719,  ...,  0.0116, -0.5538,  0.3233],
          [-0.9365,  0.9416, -0.6937,  ...,  0.0889, -0.8940, -0.8767],
          ...,
          [ 1.0000,  1.0000,  1.0000,  ...,  0.0000,  0.0000,  0.0000],
          [ 1.0000,  1.0000,  1.0000,  ...,  0.0000,  0.0000,  0.0000],
          [ 1.0000,  1.0000,  1.0000,  ...,  0.0000,  0.0000,  0.0000]]],


        [[[ 0.4809, -0.9851,  0.0399,  ..., -0.2253,  0.9887, -0.9734],
          [ 0.4654, -0.1786, -0.8206,  ...,  0.7891,  0.9350, -0.2737],
          [-0.9045, -0.2681, -0.9802,  ...,  0.0920, -0.2420, -0.0116],
          ...,
          [ 1.0000,  1.0000,  1.0000,  ...,  0.0000,  0.0000,  0.0000],
          [ 1.0000,  1.0000,  1.0000,  ...,  0.0000,  0.0000,  0.0000],
          [ 1.0000,  1.0000,  1.0000,  ...,  0.0000,  0.0000,  0.0000]]]],
       device='cuda:0')
